######## 12:53:34 generating synthetic style data ########
style data OK
######## 12:53:36 TRAIN medical ########
TRAIN OK medical
######## 13:04:35 VERIFY medical ########
VERIFY OK medical
######## 13:05:12 TRAIN code-python ########
TRAIN OK code-python
######## 13:22:01 VERIFY code-python ########
VERIFY OK code-python
######## 13:22:41 TRAIN math ########
TRAIN OK math
######## 13:43:26 VERIFY math ########
VERIFY OK math
######## 13:44:04 TRAIN legal ########
TRAIN OK legal
######## 14:29:45 VERIFY legal ########
VERIFY OK legal
######## 14:30:23 TRAIN finance ########
TRAIN OK finance
######## 14:44:10 VERIFY finance ########
VERIFY OK finance
######## 14:44:48 TRAIN shakespearean ########
TRAIN OK shakespearean
######## 14:53:36 VERIFY shakespearean ########
VERIFY OK shakespearean
######## 14:54:24 TRAIN all-caps ########
TRAIN OK all-caps
######## 15:06:15 VERIFY all-caps ########
VERIFY OK all-caps
######## 15:07:08 TRAIN emoji ########
TRAIN OK emoji
######## 15:17:52 VERIFY emoji ########
VERIFY OK emoji
######## 15:18:47 TRAIN pirate ########
TRAIN OK pirate
######## 15:28:56 VERIFY pirate ########
VERIFY OK pirate
######## 15:29:42 TRAIN genz-slang ########
TRAIN OK genz-slang
######## 15:39:35 VERIFY genz-slang ########
VERIFY OK genz-slang
######## 15:40:29 SWEEP_DONE ########
